current directory: /Users/gianluca-calabria/Software/Training/Training-Rails-UGUITO-API-Bootstrap/''/gems/prism-1.9.0/ext/prism
/Users/gianluca-calabria/.rbenv/versions/2.7.6/bin/ruby -I /Users/gianluca-calabria/.rbenv/versions/2.7.6/lib/ruby/2.7.0 -r ./siteconf20260317-98439-d1s357.rb extconf.rb
checking for prism.h in /Users/gianluca-calabria/Software/Training/Training-Rails-UGUITO-API-Bootstrap/''/gems/prism-1.9.0/include... no
*** extconf.rb failed ***
Could not create Makefile due to some reason, probably lack of necessary
libraries and/or headers.  Check the mkmf.log file for more details.  You may
need configuration options.

Provided configuration options:
	--with-opt-dir
	--without-opt-dir
	--with-opt-include
	--without-opt-include=${opt-dir}/include
	--with-opt-lib
	--without-opt-lib=${opt-dir}/lib
	--with-make-prog
	--without-make-prog
	--srcdir=.
	--curdir
	--ruby=/Users/gianluca-calabria/.rbenv/versions/2.7.6/bin/$(RUBY_BASE_NAME)
extconf.rb:78:in `<main>': prism.h is required (RuntimeError)

To see why this extension failed to compile, please check the mkmf.log which can be found here:

  /Users/gianluca-calabria/Software/Training/Training-Rails-UGUITO-API-Bootstrap/''/extensions/arm64-darwin-25/2.7.0/prism-1.9.0/mkmf.log

extconf failed, exit code 1
